// Jest Snapshot v1, https://goo.gl/fbAQLP

exports[`Meetup component Meetup component 1`] = `[Function]`;
