// Jest Snapshot v1, https://goo.gl/fbAQLP

exports[`MeetupList component MeetupList component 1`] = `[Function]`;
