// Jest Snapshot v1, https://goo.gl/fbAQLP

exports[`Theme swtcher component Meetup component 1`] = `[Function]`;
