// Jest Snapshot v1, https://goo.gl/fbAQLP

exports[`CsvViewer render 1`] = `[Function]`;
