// Jest Snapshot v1, https://goo.gl/fbAQLP

exports[`NewMeetup component NewMeetup component 1`] = `[Function]`;
