// Jest Snapshot v1, https://goo.gl/fbAQLP

exports[`PDF component PDF component 1`] = `[Function]`;
